python : Traceback (most recent call last):
At line:1 char:1
+ python backend/test_ollama_key.py > test_output.txt 2>&1
+ ~~~~~~~~~~~~~~~~~~~~~~~~~~~~~~~~~~~~~~~~~~~~~~~~~~~~~~~~
    + CategoryInfo          : NotSpecified: (Traceback (most recent call last 
   )::String) [], RemoteException
    + FullyQualifiedErrorId : NativeCommandError
 
  File "D:\hrflux_new\hrflux_new\backend\test_ollama_key.py", line 74, in 
<module>
    test_ollama_direct()
    ~~~~~~~~~~~~~~~~~~^^
  File "D:\hrflux_new\hrflux_new\backend\test_ollama_key.py", line 10, in 
test_ollama_direct
    print("\U0001f9ea Verifying Ollama Key and Connection...")
    ~~~~~^^^^^^^^^^^^^^^^^^^^^^^^^^^^^^^^^^^^^^^^^^^^^
  File "C:\Python314\Lib\encodings\cp1252.py", line 19, in encode
    return codecs.charmap_encode(input,self.errors,encoding_table)[0]
           ~~~~~~~~~~~~~~~~~~~~~^^^^^^^^^^^^^^^^^^^^^^^^^^^^^^^^^^
UnicodeEncodeError: 'charmap' codec can't encode character '\U0001f9ea' in 
position 0: character maps to <undefined>
